// Jest Snapshot v1, https://goo.gl/fbAQLP

exports[`should match snapshot 1`] = `
<div
  className=" normal circle "
  style={Object {}}
>
  <img
    className={undefined}
    onError={undefined}
    src="foo"
  />
</div>
`;
